
Allocating common symbols
Common symbol       size              file

_excp_saves         0x40              /home/roberto/cMIPS/include/syn_start.o
_PT                 0x4               /home/roberto/cMIPS/include/syn_start.o

Discarded input sections

 .reginfo       0x0000000000000000       0x18 /home/roberto/cMIPS/include/syn_handlers.o
 .MIPS.abiflags
                0x0000000000000000       0x18 /home/roberto/cMIPS/include/syn_handlers.o
 .reginfo       0x0000000000000000       0x18 /home/roberto/cMIPS/include/cMIPSio.o
 .MIPS.abiflags
                0x0000000000000000       0x18 /home/roberto/cMIPS/include/cMIPSio.o
 .reginfo       0x0000000000000000       0x18 mac_sdcard.o
 .MIPS.abiflags
                0x0000000000000000       0x18 mac_sdcard.o

Memory Configuration

Name             Origin             Length             Attributes
rom              0x0000000000000000 0x0000000000002000 xr
ram              0x0000000000010000 0x0000000000002000 !xr
sdram            0x0000000004000000 0x0000000002000000 !xr
io               0x000000003c000000 0x0000000000020000 !xr
*default*        0x0000000000000000 0xffffffffffffffff

Linker script and memory map


.text           0x0000000000000000     0x1370
 *(.text .text.*)
 .text          0x0000000000000000      0x500 /home/roberto/cMIPS/include/syn_start.o
                0x0000000000000000                _start
                0x0000000000000080                exit
                0x0000000000000080                _exit
                0x00000000000000a8                print_sp
                0x00000000000000b0                print_status
                0x00000000000000c0                print_cause
                0x000000000000029c                _excp_0180ret
 .text          0x0000000000000500      0x418 /home/roberto/cMIPS/include/syn_handlers.o
                0x0000000000000500                extCounter
                0x0000000000000544                UARTinterr
                0x00000000000005a0                countCompare
                0x00000000000005bc                startCount
                0x00000000000005d4                stopCount
                0x00000000000005e8                readCount
                0x00000000000005f4                enableInterr
                0x000000000000060c                disableInterr
                0x0000000000000628                handle_Mod
                0x0000000000000728                handle_TLBL
                0x0000000000000840                delay_cycle
                0x0000000000000840                cmips_delay
                0x0000000000000860                delay_us
                0x0000000000000898                delay_ms
                0x00000000000008c8                cmips_kmsg
 .text          0x0000000000000918      0x630 /home/roberto/cMIPS/include/cMIPSio.o
                0x0000000000000918                KBDget
                0x0000000000000950                SWget
                0x0000000000000968                LCDinit
                0x0000000000000a38                LCDprobe
                0x0000000000000a50                LCDset
                0x0000000000000ac4                LCDput
                0x0000000000000b20                LCDclr
                0x0000000000000b4c                LCDtopLine
                0x0000000000000b78                LCDbotLine
                0x0000000000000ba4                LCDgotoxy
                0x0000000000000bdc                LCDputc
                0x0000000000000c50                LCDint
                0x0000000000000d9c                LCDshort
                0x0000000000000e40                LCDbyte
                0x0000000000000e9c                DSP7SEGput
                0x0000000000000ef0                startCounter
                0x0000000000000f1c                stopCounter
                0x0000000000000f38                readCounter
 .text          0x0000000000000f48      0x428 mac_sdcard.o
                0x0000000000000f48                main
                0x0000000000001370                _etext = .

.data           0x0000000000010000        0x4
                0x0000000000010000                _bdata = .
 *(.data .data.*)
 .data          0x0000000000010000        0x0 /home/roberto/cMIPS/include/syn_start.o
 .data          0x0000000000010000        0x4 /home/roberto/cMIPS/include/syn_handlers.o
 .data          0x0000000000010004        0x0 /home/roberto/cMIPS/include/cMIPSio.o
 .data          0x0000000000010004        0x0 mac_sdcard.o
                0x0000000000010004                _edata = .

.data1
 *(.data1)

.lit8
 *(.lit8)

.lit4
 *(.lit4)

.sdata
 *(.sdata .sdata.*)

.sbss           0x0000000000010004        0x4
 *(.sbss .sbss.*)
 *(.scommon .scommon.*)
 .scommon       0x0000000000010004        0x4 /home/roberto/cMIPS/include/syn_start.o
                0x0000000000010004                _PT

.bss            0x0000000000010010       0xf0
 *(.bss .bss.*)
 .bss           0x0000000000010010        0x0 /home/roberto/cMIPS/include/syn_start.o
 .bss           0x0000000000010010       0xac /home/roberto/cMIPS/include/syn_handlers.o
                0x0000000000010010                _counter_val
                0x0000000000010034                Ud
 .bss           0x00000000000100bc        0x0 /home/roberto/cMIPS/include/cMIPSio.o
 .bss           0x00000000000100bc        0x0 mac_sdcard.o
 *(COMMON)
 *fill*         0x00000000000100bc        0x4 
 COMMON         0x00000000000100c0       0x40 /home/roberto/cMIPS/include/syn_start.o
                0x00000000000100c0                _excp_saves

.rodata1
 *(.rodata1)

.rodata         0x0000000000010100       0x94
 *(.rodata .rodata.*)
 .rodata        0x0000000000010100       0x94 /home/roberto/cMIPS/include/syn_handlers.o
                0x0000000000010180                _kmsg_list
                0x0000000000010194                _end = .
                0x0000000000010000                start_RAM = 0x10000
                0x0000000000002000                end_RAM = 0x2000
                0x0000000000001000                half_RAM = (end_RAM >> 0x1)
                0x0000000000011000                base_PT = (start_RAM + half_RAM)

.MIPS.abiflags  0x0000000000010198       0x18
 .MIPS.abiflags
                0x0000000000010198       0x18 /home/roberto/cMIPS/include/syn_start.o

.PT
 *(.PT)
LOAD /home/roberto/cMIPS/include/syn_start.o
LOAD /home/roberto/cMIPS/include/syn_handlers.o
LOAD /home/roberto/cMIPS/include/cMIPSio.o
LOAD mac_sdcard.o
OUTPUT(mac_sdcard.elf elf32-littlemips)

.reginfo        0x0000000000000000       0x18
 .reginfo       0x0000000000000000       0x18 /home/roberto/cMIPS/include/syn_start.o

.pdr            0x0000000000000000      0x4e0
 .pdr           0x0000000000000000       0xa0 /home/roberto/cMIPS/include/syn_start.o
 .pdr           0x00000000000000a0      0x1e0 /home/roberto/cMIPS/include/syn_handlers.o
 .pdr           0x0000000000000280      0x240 /home/roberto/cMIPS/include/cMIPSio.o
 .pdr           0x00000000000004c0       0x20 mac_sdcard.o

.gnu.attributes
                0x0000000000000000       0x10
 .gnu.attributes
                0x0000000000000000       0x10 /home/roberto/cMIPS/include/syn_start.o
 .gnu.attributes
                0x0000000000000010       0x10 /home/roberto/cMIPS/include/syn_handlers.o
 .gnu.attributes
                0x0000000000000020       0x10 /home/roberto/cMIPS/include/cMIPSio.o
 .gnu.attributes
                0x0000000000000030       0x10 mac_sdcard.o

.mdebug.abi32   0x0000000000000000        0x0
 .mdebug.abi32  0x0000000000000000        0x0 /home/roberto/cMIPS/include/cMIPSio.o
 .mdebug.abi32  0x0000000000000000        0x0 mac_sdcard.o

.comment        0x0000000000000000       0x11
 .comment       0x0000000000000000       0x11 /home/roberto/cMIPS/include/cMIPSio.o
                                         0x12 (size before relaxing)
 .comment       0x0000000000000011       0x12 mac_sdcard.o
